ÙßOTICE:  ATF running on XCZU4EV/silicon v4/RTL5.1 at 0xfffea000
NOTICE:  BL31: Secure code at 0x0
NOTICE:  BL31: Non secure code at 0x8000000
NOTICE:  BL31: v2.0(release):xilinx-v2018.3-720-g80d1c790
NOTICE:  BL31: Built : 14:33:19, Oct 12 2019
PMUFW:	v1.1


U-Boot 2019.01 (Oct 12 2019 - 14:34:04 +0000)

Board: Xilinx ZynqMP
DRAM:  2 GiB
EL Level:	EL2
Chip ID:	zu4ev
MMC:   mmc@ff160000: 0, mmc@ff170000: 1
Loading Environment from SPI Flash... SF: Detected n25q512a with page size 512 Bytes, erase size 128 KiB, total 128 MiB
OK
In:    serial@ff000000
Out:   serial@ff000000
Err:   serial@ff000000
Board: Xilinx ZynqMP
Net:   ZYNQ GEM: ff0e0000, phyaddr 1, interface rgmii-id
eth0: ethernet@ff0e0000
Hit any key to stop autoboot:  4  3  2  1  0 
** Unrecognized filesystem type **
Device: mmc@ff160000
Manufacturer ID: 13
OEM: 14e
Name: Q2J54 
Bus Speed: 52000000
Mode : MMC High Speed (52MHz)
Rd Block Len: 512
MMC version 5.0
High Capacity: Yes
Capacity: 3.6 GiB
Bus Width: 4-bit
Erase Group Size: 512 KiB
HC WP Group Size: 8 MiB
User Capacity: 3.6 GiB WRREL
Boot Capacity: 16 MiB ENH
RPMB Capacity: 512 KiB ENH
19312556 bytes read in 1622 ms (11.4 MiB/s)
## Loading kernel from FIT Image at 10000000 ...
   Using 'conf@system-top.dtb' configuration
   Trying 'kernel@1' kernel subimage
     Description:  Linux kernel
     Type:         Kernel Image
     Compression:  uncompressed
     Data Start:   0x10000104
     Data Size:    19274240 Bytes = 18.4 MiB
     Architecture: AArch64
     OS:           Linux
     Load Address: 0x00080000
     Entry Point:  0x00080000
     Hash algo:    sha1
     Hash value:   b91072114f13fe15c6163c5189a544a7825e5a4e
   Verifying Hash Integrity ... sha1+ OK
## Loading fdt from FIT Image at 10000000 ...
   Using 'conf@system-top.dtb' configuration
   Trying 'fdt@system-top.dtb' fdt subimage
     Description:  Flattened Device Tree blob
     Type:         Flat Device Tree
     Compression:  uncompressed
     Data Start:   0x11261c08
     Data Size:    36398 Bytes = 35.5 KiB
     Architecture: AArch64
     Hash algo:    sha1
     Hash value:   365c53d67b739f05f69863858a972961ba836b2d
   Verifying Hash Integrity ... sha1+ OK
   Booting using the fdt blob at 0x11261c08
   Loading Kernel Image ... OK
   Loading Device Tree to 0000000007ff4000, end 0000000007fffe2d ... OK

Starting kernel ...

[    0.000000] Booting Linux on physical CPU 0x0000000000 [0x410fd034]
[    0.000000] Linux version 4.19.0-xilinx-v2019.1 (oe-user@oe-host) (gcc version 8.2.0 (GCC)) #1 SMP Sat Oct 12 14:33:52 UTC 2019
[    0.000000] Machine model: xlnx,zynqmp
[    0.000000] earlycon: cdns0 at MMIO 0x00000000ff000000 (options '115200n8')
[    0.000000] bootconsole [cdns0] enabled
[    0.000000] efi: Getting EFI parameters from FDT:
[    0.000000] efi: UEFI not found.
[    0.000000] cma: Reserved 256 MiB at 0x000000006fc00000
[    0.000000] psci: probing for conduit method from DT.
[    0.000000] psci: PSCIv1.1 detected in firmware.
[    0.000000] psci: Using standard PSCI v0.2 function IDs
[    0.000000] psci: MIGRATE_INFO_TYPE not supported.
[    0.000000] psci: SMC Calling Convention v1.1
[    0.000000] random: get_random_bytes called from start_kernel+0x94/0x384 with crng_init=0
[    0.000000] percpu: Embedded 23 pages/cpu @(____ptrval____) s54040 r8192 d31976 u94208
[    0.000000] Detected VIPT I-cache on CPU0
[    0.000000] CPU features: enabling workaround for ARM erratum 845719
[    0.000000] Speculative Store Bypass Disable mitigation not required
[    0.000000] CPU features: detected: Kernel page table isolation (KPTI)
[    0.000000] Built 1 zonelists, mobility grouping on.  Total pages: 515088
[    0.000000] Kernel command line: earlycon clk_ignore_unused console=ttyPS0,115200 earlyprintk root=/dev/mmcblk1p2 rw rootwait uio_pdrv_genirq.of_id=generic-uio
[    0.000000] Dentry cache hash table entries: 262144 (order: 9, 2097152 bytes)
[    0.000000] Inode-cache hash table entries: 131072 (order: 8, 1048576 bytes)
[    0.000000] Memory: 1775076K/2093056K available (11516K kernel code, 710K rwdata, 5740K rodata, 832K init, 332K bss, 55836K reserved, 262144K cma-reserved)
[    0.000000] rcu: Hierarchical RCU implementation.
[    0.000000] rcu: 	RCU event tracing is enabled.
[    0.000000] rcu: 	RCU restricting CPUs from NR_CPUS=8 to nr_cpu_ids=4.
[    0.000000] rcu: Adjusting geometry for rcu_fanout_leaf=16, nr_cpu_ids=4
[    0.000000] NR_IRQS: 64, nr_irqs: 64, preallocated irqs: 0
[    0.000000] GIC: Adjusting CPU interface base to 0x00000000f902f000
[    0.000000] GIC: Using split EOI/Deactivate mode
[    0.000000] arch_timer: cp15 timer(s) running at 33.33MHz (phys).
[    0.000000] clocksource: arch_sys_counter: mask: 0xffffffffffffff max_cycles: 0x7b00c3848, max_idle_ns: 440795203375 ns
[    0.000003] sched_clock: 56 bits at 33MHz, resolution 30ns, wraps every 2199023255545ns
[    0.008224] Console: colour dummy device 80x25
[    0.012389] Calibrating delay loop (skipped), value calculated using timer frequency.. 66.66 BogoMIPS (lpj=133333)
[    0.022667] pid_max: default: 32768 minimum: 301
[    0.027375] Mount-cache hash table entries: 4096 (order: 3, 32768 bytes)
[    0.033921] Mountpoint-cache hash table entries: 4096 (order: 3, 32768 bytes)
[    0.041861] ASID allocator initialised with 32768 entries
[    0.046424] rcu: Hierarchical SRCU implementation.
[    0.051417] EFI services will not be available.
[    0.055751] smp: Bringing up secondary CPUs ...
[    0.060431] Detected VIPT I-cache on CPU1
[    0.060462] CPU1: Booted secondary processor 0x0000000001 [0x410fd034]
[    0.060797] Detected VIPT I-cache on CPU2
[    0.060816] CPU2: Booted secondary processor 0x0000000002 [0x410fd034]
[    0.061132] Detected VIPT I-cache on CPU3
[    0.061151] CPU3: Booted secondary processor 0x0000000003 [0x410fd034]
[    0.061197] smp: Brought up 1 node, 4 CPUs
[    0.095586] SMP: Total of 4 processors activated.
[    0.100259] CPU features: detected: 32-bit EL0 Support
[    0.106801] CPU: All CPU(s) started at EL2
[    0.109438] alternatives: patching kernel code
[    0.114766] devtmpfs: initialized
[    0.121194] clocksource: jiffies: mask: 0xffffffff max_cycles: 0xffffffff, max_idle_ns: 7645041785100000 ns
[    0.126825] futex hash table entries: 1024 (order: 4, 65536 bytes)
[    0.138208] xor: measuring software checksum speed
[    0.177030]    8regs     :  2375.000 MB/sec
[    0.217061]    8regs_prefetch:  2052.000 MB/sec
[    0.257091]    32regs    :  2725.000 MB/sec
[    0.297123]    32regs_prefetch:  2309.000 MB/sec
[    0.297152] xor: using function: 32regs (2725.000 MB/sec)
[    0.301471] pinctrl core: initialized pinctrl subsystem
[    0.307304] NET: Registered protocol family 16
[    0.311441] audit: initializing netlink subsys (disabled)
[    0.316500] audit: type=2000 audit(0.264:1): state=initialized audit_enabled=0 res=1
[    0.324157] cpuidle: using governor menu
[    0.328231] vdso: 2 pages (1 code @ (____ptrval____), 1 data @ (____ptrval____))
[    0.335381] hw-breakpoint: found 6 breakpoint and 4 watchpoint registers.
[    0.342921] DMA: preallocated 256 KiB pool for atomic allocations
[    0.363714] HugeTLB registered 2.00 MiB page size, pre-allocated 0 pages
[    0.430884] raid6: int64x1  gen()   447 MB/s
[    0.498856] raid6: int64x1  xor()   452 MB/s
[    0.566923] raid6: int64x2  gen()   679 MB/s
[    0.634950] raid6: int64x2  xor()   599 MB/s
[    0.702982] raid6: int64x4  gen()   978 MB/s
[    0.771053] raid6: int64x4  xor()   737 MB/s
[    0.839093] raid6: int64x8  gen()  1162 MB/s
[    0.907119] raid6: int64x8  xor()   759 MB/s
[    0.975195] raid6: neonx1   gen()   730 MB/s
[    1.043234] raid6: neonx1   xor()   881 MB/s
[    1.111270] raid6: neonx2   gen()  1125 MB/s
[    1.179307] raid6: neonx2   xor()  1174 MB/s
[    1.247392] raid6: neonx4   gen()  1476 MB/s
[    1.315410] raid6: neonx4   xor()  1420 MB/s
[    1.383474] raid6: neonx8   gen()  1562 MB/s
[    1.451520] raid6: neonx8   xor()  1459 MB/s
[    1.451547] raid6: using algorithm neonx8 gen() 1562 MB/s
[    1.455513] raid6: .... xor() 1459 MB/s, rmw enabled
[    1.460443] raid6: using neon recovery algorithm
[    1.465250] xilinx-gpio 80003000.gpio: Input clock not found
[    1.471298] SCSI subsystem initialized
[    1.474549] usbcore: registered new interface driver usbfs
[    1.479854] usbcore: registered new interface driver hub
[    1.485125] usbcore: registered new device driver usb
[    1.490220] media: Linux media interface: v0.10
[    1.494635] videodev: Linux video capture interface: v2.00
[    1.500085] pps_core: LinuxPPS API ver. 1 registered
[    1.504991] pps_core: Software ver. 5.3.6 - Copyright 2005-2007 Rodolfo Giometti <giometti@linux.it>
[    1.514086] PTP clock support registered
[    1.517981] EDAC MC: Ver: 3.0.0
[    1.521480] zynqmp-ipi-mbox mailbox@ff990400: Probed ZynqMP IPI Mailbox driver.
[    1.528608] FPGA manager framework
[    1.531895] Advanced Linux Sound Architecture Driver Initialized.
[    1.538073] Bluetooth: Core ver 2.22
[    1.541340] NET: Registered protocol family 31
[    1.545734] Bluetooth: HCI device and connection manager initialized
[    1.552050] Bluetooth: HCI socket layer initialized
[    1.556892] Bluetooth: L2CAP socket layer initialized
[    1.561920] Bluetooth: SCO socket layer initialized
[    1.567180] clocksource: Switched to clocksource arch_sys_counter
[    1.572917] VFS: Disk quotas dquot_6.6.0
[    1.576751] VFS: Dquot-cache hash table entries: 512 (order 0, 4096 bytes)
[    1.588095] NET: Registered protocol family 2
[    1.588500] tcp_listen_portaddr_hash hash table entries: 1024 (order: 2, 16384 bytes)
[    1.595670] TCP established hash table entries: 16384 (order: 5, 131072 bytes)
[    1.602926] TCP bind hash table entries: 16384 (order: 6, 262144 bytes)
[    1.609602] TCP: Hash tables configured (established 16384 bind 16384)
[    1.615954] UDP hash table entries: 1024 (order: 3, 32768 bytes)
[    1.621890] UDP-Lite hash table entries: 1024 (order: 3, 32768 bytes)
[    1.628377] NET: Registered protocol family 1
[    1.632811] RPC: Registered named UNIX socket transport module.
[    1.638465] RPC: Registered udp transport module.
[    1.643132] RPC: Registered tcp transport module.
[    1.647804] RPC: Registered tcp NFSv4.1 backchannel transport module.
[    1.654863] hw perfevents: no interrupt-affinity property for /pmu, guessing.
[    1.661453] hw perfevents: enabled with armv8_pmuv3 PMU driver, 7 counters available
[    1.669892] Initialise system trusted keyrings
[    1.673483] workingset: timestamp_bits=46 max_order=19 bucket_order=0
[    1.680565] NFS: Registering the id_resolver key type
[    1.684837] Key type id_resolver registered
[    1.688978] Key type id_legacy registered
[    1.692961] nfs4filelayout_init: NFSv4 File Layout Driver Registering...
[    1.699632] jffs2: version 2.2. (NAND) ¬© 2001-2006 Red Hat, Inc.
[    2.787938] NET: Registered protocol family 38
[    2.847132] Key type asymmetric registered
[    2.847160] Asymmetric key parser 'x509' registered
[    2.850472] Block layer SCSI generic (bsg) driver version 0.4 loaded (major 247)
[    2.857861] io scheduler noop registered
[    2.861689] io scheduler deadline registered
[    2.865952] io scheduler cfq registered (default)
[    2.870595] io scheduler mq-deadline registered
[    2.875095] io scheduler kyber registered
[    2.908955] Serial: 8250/16550 driver, 4 ports, IRQ sharing disabled
[    2.911328] arm-smmu fd800000.smmu: probing hardware configuration...
[    2.916071] arm-smmu fd800000.smmu: SMMUv2 with:
[    2.920652] arm-smmu fd800000.smmu: 	stage 1 translation
[    2.925928] arm-smmu fd800000.smmu: 	stage 2 translation
[    2.931204] arm-smmu fd800000.smmu: 	nested translation
[    2.936396] arm-smmu fd800000.smmu: 	stream matching with 48 register groups
[    2.943403] arm-smmu fd800000.smmu: 	16 context banks (0 stage-2 only)
[    2.949893] arm-smmu fd800000.smmu: 	Supported page sizes: 0x61311000
[    2.956290] arm-smmu fd800000.smmu: 	Stage-1: 48-bit VA -> 48-bit IPA
[    2.962691] arm-smmu fd800000.smmu: 	Stage-2: 48-bit IPA -> 48-bit PA
[    2.971676] cacheinfo: Unable to detect cache hierarchy for CPU 0
[    2.979868] brd: module loaded
[    2.984431] loop: module loaded
[    2.985341] mtdoops: mtd device (mtddev=name/number) must be supplied
[    2.988836] iommu: Adding device ff0f0000.spi to group 0
[    2.995003] libphy: Fixed MDIO Bus: probed
[    2.998893] tun: Universal TUN/TAP device driver, 1.6
[    3.002844] CAN device driver interface
[    3.006946] iommu: Adding device ff0e0000.ethernet to group 1
[    3.013001] usbcore: registered new interface driver asix
[    3.017616] usbcore: registered new interface driver ax88179_178a
[    3.023662] usbcore: registered new interface driver cdc_ether
[    3.029457] usbcore: registered new interface driver net1080
[    3.035080] usbcore: registered new interface driver cdc_subset
[    3.040964] usbcore: registered new interface driver zaurus
[    3.046506] usbcore: registered new interface driver cdc_ncm
[    3.052632] ehci_hcd: USB 2.0 'Enhanced' Host Controller (EHCI) Driver
[    3.058586] ehci-pci: EHCI PCI platform driver
[    3.063022] uhci_hcd: USB Universal Host Controller Interface driver
[    3.069629] usbcore: registered new interface driver cdc_wdm
[    3.074958] usbcore: registered new interface driver uas
[    3.080242] usbcore: registered new interface driver usb-storage
[    3.086566] vhci_hcd vhci_hcd.0: USB/IP Virtual Host Controller
[    3.092072] vhci_hcd vhci_hcd.0: new USB bus registered, assigned bus number 1
[    3.099263] vhci_hcd: created sysfs vhci_hcd.0
[    3.103763] usb usb1: New USB device found, idVendor=1d6b, idProduct=0002, bcdDevice= 4.19
[    3.111874] usb usb1: New USB device strings: Mfr=3, Product=2, SerialNumber=1
[    3.119050] usb usb1: Product: USB/IP Virtual Host Controller
[    3.124759] usb usb1: Manufacturer: Linux 4.19.0-xilinx-v2019.1 vhci_hcd
[    3.131418] usb usb1: SerialNumber: vhci_hcd.0
[    3.136118] hub 1-0:1.0: USB hub found
[    3.139572] hub 1-0:1.0: 8 ports detected
[    3.143986] vhci_hcd vhci_hcd.0: USB/IP Virtual Host Controller
[    3.149416] vhci_hcd vhci_hcd.0: new USB bus registered, assigned bus number 2
[    3.156637] usb usb2: We don't know the algorithms for LPM for this host, disabling LPM.
[    3.164712] usb usb2: New USB device found, idVendor=1d6b, idProduct=0003, bcdDevice= 4.19
[    3.172856] usb usb2: New USB device strings: Mfr=3, Product=2, SerialNumber=1
[    3.180032] usb usb2: Product: USB/IP Virtual Host Controller
[    3.185741] usb usb2: Manufacturer: Linux 4.19.0-xilinx-v2019.1 vhci_hcd
[    3.192401] usb usb2: SerialNumber: vhci_hcd.0
[    3.197041] hub 2-0:1.0: USB hub found
[    3.200553] hub 2-0:1.0: 8 ports detected
[    3.205465] rtc_zynqmp ffa60000.rtc: rtc core: registered ffa60000.rtc as rtc0
[    3.211750] i2c /dev entries driver
[    3.216967] usbcore: registered new interface driver uvcvideo
[    3.220863] USB Video Class driver (1.1.1)
[    3.225541] device-mapper: ioctl: 4.39.0-ioctl (2018-04-03) initialised: dm-devel@redhat.com
[    3.233455] Bluetooth: HCI UART driver ver 2.3
[    3.237733] Bluetooth: HCI UART protocol H4 registered
[    3.242830] Bluetooth: HCI UART protocol BCSP registered
[    3.248132] Bluetooth: HCI UART protocol LL registered
[    3.253212] Bluetooth: HCI UART protocol ATH3K registered
[    3.258591] Bluetooth: HCI UART protocol Three-wire (H5) registered
[    3.264846] Bluetooth: HCI UART protocol Intel registered
[    3.270185] Bluetooth: HCI UART protocol QCA registered
[    3.275390] usbcore: registered new interface driver bcm203x
[    3.281007] usbcore: registered new interface driver bpa10x
[    3.286544] usbcore: registered new interface driver bfusb
[    3.291997] usbcore: registered new interface driver btusb
[    3.297413] Bluetooth: Generic Bluetooth SDIO driver ver 0.1
[    3.303085] usbcore: registered new interface driver ath3k
[    3.308615] EDAC MC: ECC not enabled
[    3.312217] EDAC DEVICE0: Giving out device to module zynqmp-ocm-edac controller zynqmp_ocm: DEV ff960000.memory-controller (INTERRUPT)
[    3.324858] sdhci: Secure Digital Host Controller Interface driver
[    3.330284] sdhci: Copyright(c) Pierre Ossman
[    3.334656] sdhci-pltfm: SDHCI platform and OF driver helper
[    3.340371] iommu: Adding device ff160000.mmc to group 2
[    3.345626] iommu: Adding device ff170000.mmc to group 3
[    3.351133] ledtrig-cpu: registered to indicate activity on CPUs
[    3.356811] zynqmp_firmware_probe Platform Management API v1.1
[    3.362548] zynqmp_firmware_probe Trustzone version v1.0
[    3.390259] zynqmp_clk_mux_get_parent() getparent failed for clock: lpd_wdt, ret = -22
[    3.392979] alg: No test for xilinx-zynqmp-aes (zynqmp-aes)
[    3.398080] zynqmp_aes zynqmp_aes: AES Successfully Registered
[    3.398080] 
[    3.405673] alg: No test for xilinx-keccak-384 (zynqmp-keccak-384)
[    3.411803] alg: No test for xilinx-zynqmp-rsa (zynqmp-rsa)
[    3.417310] usbcore: registered new interface driver usbhid
[    3.422634] usbhid: USB HID core driver
[    3.428897] fpga_manager fpga0: Xilinx ZynqMP FPGA Manager registered
[    3.433102] gnss: GNSS driver registered with major 243
[    3.438238] usbcore: registered new interface driver snd-usb-audio
[    3.445105] pktgen: Packet Generator for packet performance testing. Version: 2.75
[    3.452230] IPVS: Registered protocols (TCP, UDP)
[    3.456505] IPVS: Connection hash table configured (size=4096, memory=64Kbytes)
[    3.463720] IPVS: ipvs loaded.
[    3.466652] IPVS: [rr] scheduler registered.
[    3.471072] Initializing XFRM netlink socket
[    3.475210] NET: Registered protocol family 10
[    3.479969] Segment Routing with IPv6
[    3.483287] sit: IPv6, IPv4 and MPLS over IPv4 tunneling driver
[    3.489415] NET: Registered protocol family 17
[    3.493482] NET: Registered protocol family 15
[    3.497886] can: controller area network core (rev 20170425 abi 9)
[    3.504063] NET: Registered protocol family 29
[    3.508439] can: raw protocol (rev 20170425)
[    3.512675] can: broadcast manager protocol (rev 20170425 t)
[    3.518300] can: netlink gateway (rev 20170425) max_hops=1
[    3.523819] Bluetooth: RFCOMM TTY layer initialized
[    3.528597] Bluetooth: RFCOMM socket layer initialized
[    3.533709] Bluetooth: RFCOMM ver 1.11
[    3.537418] Bluetooth: BNEP (Ethernet Emulation) ver 1.3
[    3.542689] Bluetooth: BNEP filters: protocol multicast
[    3.547881] Bluetooth: BNEP socket layer initialized
[    3.552810] Bluetooth: HIDP (Human Interface Emulation) ver 1.2
[    3.558696] Bluetooth: HIDP socket layer initialized
[    3.563759] 9pnet: Installing 9P2000 support
[    3.567876] Key type dns_resolver registered
[    3.572617] registered taskstats version 1
[    3.576170] Loading compiled-in X.509 certificates
[    3.581287] Btrfs loaded, crc32c=crc32c-generic
[    3.591854] ff000000.serial: ttyPS0 at MMIO 0xff000000 (irq = 44, base_baud = 6249999) is a xuartps∑		“&…¶S'ßWH¨Àk◊ã´“+W/™*LWêY∑X±∂ed
[    3.600798] console [ttyPS0] enabled
[    3.604388] bootconsole [cdns0] disabled
[    3.604388] bootconsole [cdns0] disabled
[    3.612488] GPIO IRQ not connected
[    3.619132] XGpio: gpio@80003000: registered, base is 509
[    3.624935] of-fpga-region fpga-full: FPGA Region probed
[    3.630686] iommu: Adding device fd500000.dma to group 4
[    3.636268] xilinx-zynqmp-dma fd500000.dma: ZynqMP DMA driver Probe success
[    3.643306] iommu: Adding device fd510000.dma to group 5
[    3.648762] xilinx-zynqmp-dma fd510000.dma: ZynqMP DMA driver Probe success
[    3.655790] iommu: Adding device fd520000.dma to group 6
[    3.661252] xilinx-zynqmp-dma fd520000.dma: ZynqMP DMA driver Probe success
[    3.668281] iommu: Adding device fd530000.dma to group 7
[    3.673744] xilinx-zynqmp-dma fd530000.dma: ZynqMP DMA driver Probe success
[    3.680775] iommu: Adding device fd540000.dma to group 8
[    3.686230] xilinx-zynqmp-dma fd540000.dma: ZynqMP DMA driver Probe success
[    3.693262] iommu: Adding device fd550000.dma to group 9
[    3.698735] xilinx-zynqmp-dma fd550000.dma: ZynqMP DMA driver Probe success
[    3.705775] iommu: Adding device fd560000.dma to group 10
[    3.711335] xilinx-zynqmp-dma fd560000.dma: ZynqMP DMA driver Probe success
[    3.718368] iommu: Adding device fd570000.dma to group 11
[    3.723933] xilinx-zynqmp-dma fd570000.dma: ZynqMP DMA driver Probe success
[    3.731112] xilinx-zynqmp-dma ffa80000.dma: ZynqMP DMA driver Probe success
[    3.738219] xilinx-zynqmp-dma ffa90000.dma: ZynqMP DMA driver Probe success
[    3.745320] xilinx-zynqmp-dma ffaa0000.dma: ZynqMP DMA driver Probe success
[    3.752426] xilinx-zynqmp-dma ffab0000.dma: ZynqMP DMA driver Probe success
[    3.759531] xilinx-zynqmp-dma ffac0000.dma: ZynqMP DMA driver Probe success
[    3.766636] xilinx-zynqmp-dma ffad0000.dma: ZynqMP DMA driver Probe success
[    3.773741] xilinx-zynqmp-dma ffae0000.dma: ZynqMP DMA driver Probe success
[    3.780843] xilinx-zynqmp-dma ffaf0000.dma: ZynqMP DMA driver Probe success
[    3.787924] 80004000.serial: ttyUL1 at MMIO 0x80004000 (irq = 48, base_baud = 0) is a uartlite
[    3.796869] 80005000.serial: ttyUL2 at MMIO 0x80005000 (irq = 49, base_baud = 0) is a uartlite
[    3.805766] 80006000.serial: ttyUL3 at MMIO 0x80006000 (irq = 50, base_baud = 0) is a uartlite
[    3.824897] ahci-ceva fd0c0000.ahci: AHCI 0001.0301 32 slots 2 ports 6 Gbps 0x3 impl platform mode
[    3.833854] ahci-ceva fd0c0000.ahci: flags: 64bit ncq sntf pm clo only pmp fbs pio slum part ccc sds apst 
[    3.843586] zynqmp_pll_disable() clock disable failed for dpll_int, ret = -13
[    3.851549] scsi host0: ahci-ceva
[    3.855140] scsi host1: ahci-ceva
[    3.858607] ata1: SATA max UDMA/133 mmio [mem 0xfd0c0000-0xfd0c1fff] port 0x100 irq 40
[    3.866519] ata2: SATA max UDMA/133 mmio [mem 0xfd0c0000-0xfd0c1fff] port 0x180 irq 40
[    3.876579] m25p80 spi0.0: n25q512a (131072 Kbytes)
[    3.881473] 3 fixed-partitions partitions found on MTD device spi0.0
[    3.887818] Creating 3 MTD partitions on "spi0.0":
[    3.892601] 0x000000000000-0x000000100000 : "boot"
[    3.898001] 0x000000100000-0x000000140000 : "bootenv"
[    3.903580] 0x000000140000-0x000001740000 : "kernel"
[    3.909403] macb ff0e0000.ethernet: Not enabling partial store and forward
[    3.916850] libphy: MACB_mii_bus: probed
[    3.991630] Marvell 88E1510 ff0e0000.ethernet-ffffffff:01: attached PHY driver [Marvell 88E1510] (mii_bus:phy_addr=ff0e0000.ethernet-ffffffff:01, irq=POLL)
[    4.005537] macb ff0e0000.ethernet eth0: Cadence GEM rev 0x50070106 at 0xff0e0000 irq 30 (aa:00:00:54:77:66)
[    4.015768] xilinx-axipmon ffa00000.perf-monitor: Probed Xilinx APM
[    4.022396] xilinx-axipmon fd0b0000.perf-monitor: Probed Xilinx APM
[    4.028979] xilinx-axipmon fd490000.perf-monitor: Probed Xilinx APM
[    4.035568] xilinx-axipmon ffa10000.perf-monitor: Probed Xilinx APM
[    4.042075] dwc3-of-simple ff9d0000.usb0: dwc3_simple_set_phydata: Can't find usb3-phy
[    4.050342] iommu: Adding device fe200000.dwc3 to group 12
[    4.055949] dwc3 fe200000.dwc3: Failed to get clk 'ref': -2
[    4.061746] xhci-hcd xhci-hcd.0.auto: xHCI Host Controller
[    4.067234] xhci-hcd xhci-hcd.0.auto: new USB bus registered, assigned bus number 3
[    4.074994] xhci-hcd xhci-hcd.0.auto: hcc params 0x0238f625 hci version 0x100 quirks 0x0000000202010010
[    4.084395] xhci-hcd xhci-hcd.0.auto: irq 52, io mem 0xfe200000
[    4.090518] usb usb3: New USB device found, idVendor=1d6b, idProduct=0002, bcdDevice= 4.19
[    4.098780] usb usb3: New USB device strings: Mfr=3, Product=2, SerialNumber=1
[    4.105998] usb usb3: Product: xHCI Host Controller
[    4.110865] usb usb3: Manufacturer: Linux 4.19.0-xilinx-v2019.1 xhci-hcd
[    4.117557] usb usb3: SerialNumber: xhci-hcd.0.auto
[    4.122788] hub 3-0:1.0: USB hub found
[    4.126557] hub 3-0:1.0: 1 port detected
[    4.130670] xhci-hcd xhci-hcd.0.auto: xHCI Host Controller
[    4.136160] xhci-hcd xhci-hcd.0.auto: new USB bus registered, assigned bus number 4
[    4.143813] xhci-hcd xhci-hcd.0.auto: Host supports USB 3.0  SuperSpeed
[    4.150468] usb usb4: We don't know the algorithms for LPM for this host, disabling LPM.
[    4.158645] usb usb4: New USB device found, idVendor=1d6b, idProduct=0003, bcdDevice= 4.19
[    4.166906] usb usb4: New USB device strings: Mfr=3, Product=2, SerialNumber=1
[    4.174117] usb usb4: Product: xHCI Host Controller
[    4.178986] usb usb4: Manufacturer: Linux 4.19.0-xilinx-v2019.1 xhci-hcd
[    4.185678] usb usb4: SerialNumber: xhci-hcd.0.auto
[    4.189379] ata2: SATA link down (SStatus 0 SControl 330)
[    4.195957] ata1: SATA link down (SStatus 0 SControl 330)
[    4.196121] hub 4-0:1.0: USB hub found
[    4.205104] hub 4-0:1.0: 1 port detected
[    4.209773] cdns-i2c ff020000.i2c: 400 kHz mmio ff020000 irq 32
[    4.216213] cdns-i2c ff030000.i2c: 400 kHz mmio ff030000 irq 33
[    4.222916] at24 0-0050: 512 byte 24c04 EEPROM, writable, 1 bytes/write
[    4.229884] cdns-wdt fd4d0000.watchdog: Xilinx Watchdog Timer at (____ptrval____) with timeout 60s
[    4.239087] cdns-wdt ff150000.watchdog: Xilinx Watchdog Timer at (____ptrval____) with timeout 10s
[    4.279183] mmc0: SDHCI controller on ff160000.mmc [ff160000.mmc] using ADMA 64-bit
[    4.320136] mmc0: ADMA error
[    4.323007] mmc0: sdhci: ============ SDHCI REGISTER DUMP ===========
[    4.323184] mmc1: SDHCI controller on ff170000.mmc [ff170000.mmc] using ADMA 64-bit
[    4.329431] mmc0: sdhci: Sys addr:  0x00000000 | Version:  0x00001002
[    4.329434] mmc0: sdhci: Blk size:  0x00007200 | Blk cnt:  0x00000001
[    4.329436] mmc0: sdhci: Argument:  0x00000000 | Trn mode: 0x00000013
[    4.329441] mmc0: sdhci: Present:   0x1fe70206 | Host ctl: 0x00000019
[    4.362770] mmc0: sdhci: Power:     0x0000000f | Blk gap:  0x00000080
[    4.369194] mmc0: sdhci: Wake-up:   0x00000000 | Clock:    0x0000fa07
[    4.375617] mmc0: sdhci: Timeout:   0x00000005 | Int stat: 0x00000000
[    4.382040] mmc0: sdhci: Int enab:  0x02ff008b | Sig enab: 0x02ff008b
[    4.388463] mmc0: sdhci: AC12 err:  0x00000000 | Slot int: 0x00000000
[    4.394887] mmc0: sdhci: Caps:      0x75ecc881 | Caps_1:   0x00002007
[    4.401310] mmc0: sdhci: Cmd:       0x0000083a | Max curr: 0x00000000
[    4.407733] mmc0: sdhci: Resp[0]:   0x00000900 | Resp[1]:  0xffffffff
[    4.414156] mmc0: sdhci: Resp[2]:   0x320f5913 | Resp[3]:  0x00d02f01
[    4.420579] mmc0: sdhci: Host ctl2: 0x00000000
[    4.425006] mmc0: sdhci: ADMA Err:  0x00000001 | ADMA Ptr: 0x00000000fffff200
[    4.432123] mmc0: sdhci: ============================================
[    4.438561] rtc_zynqmp ffa60000.rtc: setting system clock to 1974-07-12 00:57:46 UTC (142822666)
[    4.447346] of_cfs_init
[    4.449799] of_cfs_init: OK
[    4.452705] cfg80211: Loading compiled-in X.509 certificates for regulatory database
[    4.460527] mmc0: error -5 whilst initialising MMC card
[    4.490057] mmc1: ADMA error
[    4.492926] mmc1: sdhci: ============ SDHCI REGISTER DUMP ===========
[    4.499350] mmc1: sdhci: Sys addr:  0x00000000 | Version:  0x00001002
[    4.505773] mmc1: sdhci: Blk size:  0x00007008 | Blk cnt:  0x00000001
[    4.512197] mmc1: sdhci: Argument:  0x00000000 | Trn mode: 0x00000013
[    4.518620] mmc1: sdhci: Present:   0x01f70206 | Host ctl: 0x00000019
[    4.525043] mmc1: sdhci: Power:     0x0000000f | Blk gap:  0x00000080
[    4.531466] mmc1: sdhci: Wake-up:   0x00000000 | Clock:    0x0000fa07
[    4.537889] mmc1: sdhci: Timeout:   0x00000004 | Int stat: 0x00000000
[    4.544313] mmc1: sdhci: Int enab:  0x02ff008b | Sig enab: 0x02ff008b
[    4.550736] mmc1: sdhci: AC12 err:  0x00000000 | Slot int: 0x00000000
[    4.557159] mmc1: sdhci: Caps:      0x31e8c881 | Caps_1:   0x00002007
[    4.563582] mmc1: sdhci: Cmd:       0x0000333a | Max curr: 0x00000000
[    4.570005] mmc1: sdhci: Resp[0]:   0x00000920 | Resp[1]:  0x0073df7f
[    4.576428] mmc1: sdhci: Resp[2]:   0x325b5900 | Resp[3]:  0x00400e00
[    4.582851] mmc1: sdhci: Host ctl2: 0x00000000
[    4.587279] mmc1: sdhci: ADMA Err:  0x00000001 | ADMA Ptr: 0x00000000fffff200
[    4.594395] mmc1: sdhci: ============================================
[    4.596813] cfg80211: Loaded X.509 cert 'sforshee: 00b28ddf47aef9cea7'
[    4.600882] mmc1: error -5 whilst initialising SD card
[    4.607350] clk: Not disabling unused clocks
[    4.616738] ALSA device list:
[    4.619695]   No soundcards found.
[    4.623387] platform regulatory.0: Direct firmware load for regulatory.db failed with error -2
[    4.632004] cfg80211: failed to load regulatory.db
[    4.632053] Waiting for root device /dev/mmcblk1p2...
[    4.641285] mmc0: ADMA error
[    4.644689] mmc0: sdhci: ============ SDHCI REGISTER DUMP ===========
[    4.651113] mmc0: sdhci: Sys addr:  0x00000000 | Version:  0x00001002
[    4.657536] mmc0: sdhci: Blk size:  0x00007200 | Blk cnt:  0x00000001
[    4.663959] mmc0: sdhci: Argument:  0x00000000 | Trn mode: 0x00000013
[    4.670382] mmc0: sdhci: Present:   0x1ff70206 | Host ctl: 0x00000019
[    4.676806] mmc0: sdhci: Power:     0x0000000f | Blk gap:  0x00000080
[    4.683229] mmc0: sdhci: Wake-up:   0x00000000 | Clock:    0x00004e47
[    4.689652] mmc0: sdhci: Timeout:   0x00000005 | Int stat: 0x00000000
[    4.696075] mmc0: sdhci: Int enab:  0x02ff008b | Sig enab: 0x02ff008b
[    4.702498] mmc0: sdhci: AC12 err:  0x00000000 | Slot int: 0x00000000
[    4.708921] mmc0: sdhci: Caps:      0x75ecc881 | Caps_1:   0x00002007
[    4.715345] mmc0: sdhci: Cmd:       0x0000083a | Max curr: 0x00000000
[    4.721768] mmc0: sdhci: Resp[0]:   0x00000900 | Resp[1]:  0xffffffff
[    4.728191] mmc0: sdhci: Resp[2]:   0x320f5913 | Resp[3]:  0x00d02f01
[    4.734614] mmc0: sdhci: Host ctl2: 0x00000000
[    4.739042] mmc0: sdhci: ADMA Err:  0x00000001 | ADMA Ptr: 0x00000000fffff200
[    4.746158] mmc0: sdhci: ============================================
[    4.752647] mmc0: error -5 whilst initialising MMC card
[    4.786878] mmc1: ADMA error
[    4.789749] mmc1: sdhci: ============ SDHCI REGISTER DUMP ===========
[    4.796173] mmc1: sdhci: Sys addr:  0x00000000 | Version:  0x00001002
[    4.802596] mmc1: sdhci: Blk size:  0x00007008 | Blk cnt:  0x00000001
[    4.809019] mmc1: sdhci: Argument:  0x00000000 | Trn mode: 0x00000013
[    4.815442] mmc1: sdhci: Present:   0x01f70206 | Host ctl: 0x00000019
[    4.821866] mmc1: sdhci: Power:     0x0000000f | Blk gap:  0x00000080
[    4.828289] mmc1: sdhci: Wake-up:   0x00000000 | Clock:    0x00004e47
[    4.834712] mmc1: sdhci: Timeout:   0x00000004 | Int stat: 0x00000000
[    4.841136] mmc1: sdhci: Int enab:  0x02ff008b | Sig enab: 0x02ff008b
[    4.847558] mmc1: sdhci: AC12 err:  0x00000000 | Slot int: 0x00000000
[    4.853982] mmc1: sdhci: Caps:      0x31e8c881 | Caps_1:   0x00002007
[    4.860405] mmc1: sdhci: Cmd:       0x0000333a | Max curr: 0x00000000
[    4.866828] mmc1: sdhci: Resp[0]:   0x00000920 | Resp[1]:  0x0073df7f
[    4.873251] mmc1: sdhci: Resp[2]:   0x325b5900 | Resp[3]:  0x00400e00
[    4.879674] mmc1: sdhci: Host ctl2: 0x00000000
[    4.884102] mmc1: sdhci: ADMA Err:  0x00000001 | ADMA Ptr: 0x00000000fffff200
[    4.891218] mmc1: sdhci: ============================================
[    4.897706] mmc1: error -5 whilst initialising SD card
[    4.935766] mmc0: ADMA error
[    4.938637] mmc0: sdhci: ============ SDHCI REGISTER DUMP ===========
[    4.945061] mmc0: sdhci: Sys addr:  0x00000000 | Version:  0x00001002
[    4.951484] mmc0: sdhci: Blk size:  0x00007200 | Blk cnt:  0x00000001
[    4.957907] mmc0: sdhci: Argument:  0x00000000 | Trn mode: 0x00000013
[    4.964331] mmc0: sdhci: Present:   0x1ff70206 | Host ctl: 0x00000019
[    4.970754] mmc0: sdhci: Power:     0x0000000f | Blk gap:  0x00000080
[    4.977177] mmc0: sdhci: Wake-up:   0x00000000 | Clock:    0x0000f447
[    4.983600] mmc0: sdhci: Timeout:   0x00000005 | Int stat: 0x00000000
[    4.990023] mmc0: sdhci: Int enab:  0x02ff008b | Sig enab: 0x02ff008b
[    4.996447] mmc0: sdhci: AC12 err:  0x00000000 | Slot int: 0x00000000
[    5.002870] mmc0: sdhci: Caps:      0x75ecc881 | Caps_1:   0x00002007
[    5.009293] mmc0: sdhci: Cmd:       0x0000083a | Max curr: 0x00000000
[    5.015716] mmc0: sdhci: Resp[0]:   0x00000900 | Resp[1]:  0xffffffff
[    5.022139] mmc0: sdhci: Resp[2]:   0x320f5913 | Resp[3]:  0x00d02f01
[    5.028562] mmc0: sdhci: Host ctl2: 0x00000000
[    5.032990] mmc0: sdhci: ADMA Err:  0x00000001 | ADMA Ptr: 0x00000000fffff200
[    5.040106] mmc0: sdhci: ============================================
[    5.046597] mmc0: error -5 whilst initialising MMC card
[    5.084966] mmc1: ADMA error
[    5.087829] mmc1: sdhci: ============ SDHCI REGISTER DUMP ===========
[    5.094253] mmc1: sdhci: Sys addr:  0x00000000 | Version:  0x00001002
[    5.100676] mmc1: sdhci: Blk size:  0x00007008 | Blk cnt:  0x00000001
[    5.107099] mmc1: sdhci: Argument:  0x00000000 | Trn mode: 0x00000013
[    5.113522] mmc1: sdhci: Present:   0x01f70206 | Host ctl: 0x00000019
[    5.119946] mmc1: sdhci: Power:     0x0000000f | Blk gap:  0x00000080
[    5.126369] mmc1: sdhci: Wake-up:   0x00000000 | Clock:    0x0000f447
[    5.132792] mmc1: sdhci: Timeout:   0x00000004 | Int stat: 0x00000000
[    5.139215] mmc1: sdhci: Int enab:  0x02ff008b | Sig enab: 0x02ff008b
[    5.145638] mmc1: sdhci: AC12 err:  0x00000000 | Slot int: 0x00000000
[    5.152062] mmc1: sdhci: Caps:      0x31e8c881 | Caps_1:   0x00002007
[    5.158485] mmc1: sdhci: Cmd:       0x0000333a | Max curr: 0x00000000
[    5.164908] mmc1: sdhci: Resp[0]:   0x00000920 | Resp[1]:  0x0073df7f
[    5.171331] mmc1: sdhci: Resp[2]:   0x325b5900 | Resp[3]:  0x00400e00
[    5.177754] mmc1: sdhci: Host ctl2: 0x00000000
[    5.182182] mmc1: sdhci: ADMA Err:  0x00000001 | ADMA Ptr: 0x00000000fffff200
[    5.189298] mmc1: sdhci: ============================================
[    5.195828] mmc1: error -5 whilst initialising SD card
[    5.244225] mmc0: ADMA error
[    5.247090] mmc0: sdhci: ============ SDHCI REGISTER DUMP ===========
[    5.253514] mmc0: sdhci: Sys addr:  0x00000000 | Version:  0x00001002
[    5.259937] mmc0: sdhci: Blk size:  0x00007200 | Blk cnt:  0x00000001
[    5.266360] mmc0: sdhci: Argument:  0x00000000 | Trn mode: 0x00000013
[    5.272783] mmc0: sdhci: Present:   0x1fe70206 | Host ctl: 0x00000019
[    5.279206] mmc0: sdhci: Power:     0x0000000f | Blk gap:  0x00000080
[    5.285629] mmc0: sdhci: Wake-up:   0x00000000 | Clock:    0x0000e8c7
[    5.292053] mmc0: sdhci: Timeout:   0x00000005 | Int stat: 0x00000000
[    5.298476] mmc0: sdhci: Int enab:  0x02ff008b | Sig enab: 0x02ff008b
[    5.304899] mmc0: sdhci: AC12 err:  0x00000000 | Slot int: 0x00000000
[    5.311322] mmc0: sdhci: Caps:      0x75ecc881 | Caps_1:   0x00002007
[    5.317745] mmc0: sdhci: Cmd:       0x0000083a | Max curr: 0x00000000
[    5.324169] mmc0: sdhci: Resp[0]:   0x00000900 | Resp[1]:  0xffffffff
[    5.330592] mmc0: sdhci: Resp[2]:   0x320f5913 | Resp[3]:  0x00d02f01
[    5.337014] mmc0: sdhci: Host ctl2: 0x00000000
[    5.341442] mmc0: sdhci: ADMA Err:  0x00000001 | ADMA Ptr: 0x00000000fffff200
[    5.348558] mmc0: sdhci: ============================================
[    5.355091] mmc0: error -5 whilst initialising MMC card
[    5.394701] mmc1: ADMA error
[    5.397566] mmc1: sdhci: ============ SDHCI REGISTER DUMP ===========
[    5.403990] mmc1: sdhci: Sys addr:  0x00000000 | Version:  0x00001002
[    5.410413] mmc1: sdhci: Blk size:  0x00007008 | Blk cnt:  0x00000001
[    5.416836] mmc1: sdhci: Argument:  0x00000000 | Trn mode: 0x00000013
[    5.423260] mmc1: sdhci: Present:   0x01f70206 | Host ctl: 0x00000019
[    5.429683] mmc1: sdhci: Power:     0x0000000f | Blk gap:  0x00000080
[    5.436106] mmc1: sdhci: Wake-up:   0x00000000 | Clock:    0x0000e8c7
[    5.442529] mmc1: sdhci: Timeout:   0x00000004 | Int stat: 0x00000000
[    5.448952] mmc1: sdhci: Int enab:  0x02ff008b | Sig enab: 0x02ff008b
[    5.455376] mmc1: sdhci: AC12 err:  0x00000000 | Slot int: 0x00000000
[    5.461799] mmc1: sdhci: Caps:      0x31e8c881 | Caps_1:   0x00002007
[    5.468222] mmc1: sdhci: Cmd:       0x0000333a | Max curr: 0x00000000
[    5.474645] mmc1: sdhci: Resp[0]:   0x00000920 | Resp[1]:  0x0073df7f
[    5.481069] mmc1: sdhci: Resp[2]:   0x325b5900 | Resp[3]:  0x00400e00
[    5.487491] mmc1: sdhci: Host ctl2: 0x00000000
[    5.491919] mmc1: sdhci: ADMA Err:  0x00000001 | ADMA Ptr: 0x00000000fffff200
[    5.499035] mmc1: sdhci: ============================================
[    5.505560] mmc1: error -5 whilst initialising SD card
